// Jest Snapshot v1, https://goo.gl/fbAQLP

exports[`Pruebas en el componente <GifItem /> Debe de hacer match con el SnapShot 1`] = `
<div>
  <div
    class="card"
  >
    <img
      alt="XDXDXD"
      src="https://fast&furious.com/XDXDXD.jpg"
    />
    <p>
      XDXDXD
    </p>
  </div>
</div>
`;
